main.c:70:6:delay	16	static
main.c:84:6:lcd_disp_seg	24	static
main.c:91:6:lcd_disp_digit	376	static
main.c:234:6:lcd_disp_number	32	static
main.c:257:10:tmp_read	32	static
main.c:271:6:tmp_write	32	static
main.c:282:5:temp_conv	40	static
main.c:290:6:disp_temp	16	static
main.c:296:6:send_temp	72	static
main.c:303:6:HAL_TIM_PeriodElapsedCallback	24	static
main.c:316:5:main	16	static
main.c:398:6:SystemClock_Config	96	static
main.c:448:13:MX_I2C1_Init	8	static
main.c:482:13:MX_LCD_Init	8	static
main.c:519:13:MX_RTC_Init	8	static
main.c:553:13:MX_TIM2_Init	32	static
main.c:598:13:MX_GPIO_Init	32	static
main.c:618:6:Error_Handler	4	static
